../Core/Src/main.c:91:5:main	8	static
../Core/Src/main.c:139:6:SystemClock_Config	88	static
../Core/Src/main.c:187:13:MX_CRC_Init	8	static
../Core/Src/main.c:213:13:MX_USART2_UART_Init	8	static
../Core/Src/main.c:246:13:MX_USART3_UART_Init	8	static
../Core/Src/main.c:279:13:MX_GPIO_Init	48	static
../Core/Src/main.c:314:6:printmsg	96	static
../Core/Src/main.c:326:6:bootloader_uart_read_data	16	static
../Core/Src/main.c:385:6:bootloader_send_ack	24	static
../Core/Src/main.c:393:6:bootloader_send_nack	16	static
../Core/Src/main.c:400:9:bootloader_verify_crc	40	static
../Core/Src/main.c:419:6:bootloader_handle_getver_cmd	32	static
../Core/Src/main.c:448:6:bootloader_handle_gethelp_cmd	24	static
../Core/Src/main.c:470:6:bootloader_handle_getcid_cmd	32	static
../Core/Src/main.c:495:6:bootloader_handle_getrdp_cmd	32	static
../Core/Src/main.c:520:6:bootloader_handle_go_cmd	40	static
../Core/Src/main.c:569:6:bootloader_handle_flash_erase_cmd	32	static
../Core/Src/main.c:599:6:bootloader_handle_mem_write_cmd	40	static
../Core/Src/main.c:651:6:bootloader_handle_endis_rw_protect	16	static
../Core/Src/main.c:655:6:bootloader_handle_mem_read	16	static
../Core/Src/main.c:659:6:bootloader_handle_read_sector_status	16	static
../Core/Src/main.c:663:6:bootloader_handle_read_otp	16	static
../Core/Src/main.c:667:6:bootloader_jump_to_user_app	24	static,ignoring_inline_asm
../Core/Src/main.c:696:6:bootloader_uart_write_data	16	static
../Core/Src/main.c:701:9:get_bootloader_version	4	static
../Core/Src/main.c:707:10:get_mcu_chip_id	16	static
../Core/Src/main.c:714:9:get_flash_rdp_level	16	static
../Core/Src/main.c:722:9:verify_address	16	static
../Core/Src/main.c:752:9:execute_flash_erase	48	static
../Core/Src/main.c:787:9:execute_mem_write	40	static
../Core/Src/main.c:810:6:Error_Handler	4	static,ignoring_inline_asm
