12:20:04 **** Incremental Build of configuration Debug for project bootloader_STM32F446xx ****
make -j8 all 
arm-none-eabi-gcc "../Core/Src/main.c" -mcpu=cortex-m4 -std=gnu11 -g3 -DDEBUG -DUSE_HAL_DRIVER -DSTM32F446xx -c -I../Core/Inc -I../Drivers/STM32F4xx_HAL_Driver/Inc -I../Drivers/STM32F4xx_HAL_Driver/Inc/Legacy -I../Drivers/CMSIS/Device/ST/STM32F4xx/Include -I../Drivers/CMSIS/Include -O0 -ffunction-sections -fdata-sections -Wall -fstack-usage -fcyclomatic-complexity -MMD -MP -MF"Core/Src/main.d" -MT"Core/Src/main.o" --specs=nano.specs -mfpu=fpv4-sp-d16 -mfloat-abi=hard -mthumb -o "Core/Src/main.o"
../Core/Src/main.c: In function 'bootloader_handle_mem_write_cmd':
../Core/Src/main.c:595:17: warning: variable 'checksum' set but not used [-Wunused-but-set-variable]
  595 |         uint8_t checksum=0,len=0;
      |                 ^~~~~~~~
../Core/Src/main.c:593:17: warning: unused variable 'addr_valid' [-Wunused-variable]
  593 |         uint8_t addr_valid =ADDR_VALID;
      |                 ^~~~~~~~~~
arm-none-eabi-gcc -o "bootloader_STM32F446xx.elf" @"objects.list"   -mcpu=cortex-m4 -T"C:\Users\amine\OneDrive\Documents\stm32 custom bootloader\bootloader_STM32F446xx\STM32F446RETX_FLASH.ld" --specs=nosys.specs -Wl,-Map="bootloader_STM32F446xx.map" -Wl,--gc-sections -static --specs=nano.specs -mfpu=fpv4-sp-d16 -mfloat-abi=hard -mthumb -Wl,--start-group -lc -lm -Wl,--end-group
Finished building target: bootloader_STM32F446xx.elf
 
arm-none-eabi-size  bootloader_STM32F446xx.elf 
arm-none-eabi-objdump -h -S bootloader_STM32F446xx.elf  > "bootloader_STM32F446xx.list"
   text	   data	    bss	    dec	    hex	filename
  17460	    132	   2252	  19844	   4d84	bootloader_STM32F446xx.elf
Finished building: default.size.stdout
 
Finished building: bootloader_STM32F446xx.list
 

12:20:05 Build Finished. 0 errors, 2 warnings. (took 1s.188ms)

