17:13:29 **** Incremental Build of configuration Debug for project bootloader_STM32F446xx ****
make -j8 all 
arm-none-eabi-gcc "../Core/Src/main.c" -mcpu=cortex-m4 -std=gnu11 -g3 -DDEBUG -DUSE_HAL_DRIVER -DSTM32F446xx -c -I../Core/Inc -I../Drivers/STM32F4xx_HAL_Driver/Inc -I../Drivers/STM32F4xx_HAL_Driver/Inc/Legacy -I../Drivers/CMSIS/Device/ST/STM32F4xx/Include -I../Drivers/CMSIS/Include -O0 -ffunction-sections -fdata-sections -Wall -fstack-usage -fcyclomatic-complexity -MMD -MP -MF"Core/Src/main.d" -MT"Core/Src/main.o" --specs=nano.specs -mfpu=fpv4-sp-d16 -mfloat-abi=hard -mthumb -o "Core/Src/main.o"
../Core/Src/main.c: In function 'bootloader_handle_mem_write_cmd':
../Core/Src/main.c:603:17: warning: variable 'checksum' set but not used [-Wunused-but-set-variable]
  603 |         uint8_t checksum=0,len=0;
      |                 ^~~~~~~~
../Core/Src/main.c:601:17: warning: unused variable 'addr_valid' [-Wunused-variable]
  601 |         uint8_t addr_valid =ADDR_VALID;
      |                 ^~~~~~~~~~
arm-none-eabi-gcc -o "bootloader_STM32F446xx.elf" @"objects.list"   -mcpu=cortex-m4 -T"C:\Users\amine\OneDrive\Documents\stm32 custom bootloader\bootloader_STM32F446xx\STM32F446RETX_FLASH.ld" --specs=nosys.specs -Wl,-Map="bootloader_STM32F446xx.map" -Wl,--gc-sections -static --specs=nano.specs -mfpu=fpv4-sp-d16 -mfloat-abi=hard -mthumb -Wl,--start-group -lc -lm -Wl,--end-group
Finished building target: bootloader_STM32F446xx.elf
 
arm-none-eabi-size  bootloader_STM32F446xx.elf 
arm-none-eabi-objdump -h -S bootloader_STM32F446xx.elf  > "bootloader_STM32F446xx.list"
   text	   data	    bss	    dec	    hex	filename
  17600	    132	   2252	  19984	   4e10	bootloader_STM32F446xx.elf
Finished building: default.size.stdout
 
Finished building: bootloader_STM32F446xx.list
 
17:14:04 **** Incremental Build of configuration Debug for project bootloader_STM32F446xx ****
make -j8 all 
arm-none-eabi-gcc "../Core/Src/main.c" -mcpu=cortex-m4 -std=gnu11 -g3 -DDEBUG -DUSE_HAL_DRIVER -DSTM32F446xx -c -I../Core/Inc -I../Drivers/STM32F4xx_HAL_Driver/Inc -I../Drivers/STM32F4xx_HAL_Driver/Inc/Legacy -I../Drivers/CMSIS/Device/ST/STM32F4xx/Include -I../Drivers/CMSIS/Include -O0 -ffunction-sections -fdata-sections -Wall -fstack-usage -fcyclomatic-complexity -MMD -MP -MF"Core/Src/main.d" -MT"Core/Src/main.o" --specs=nano.specs -mfpu=fpv4-sp-d16 -mfloat-abi=hard -mthumb -o "Core/Src/main.o"
../Core/Src/main.c: In function 'bootloader_handle_mem_write_cmd':
../Core/Src/main.c:603:17: warning: variable 'checksum' set but not used [-Wunused-but-set-variable]
  603 |         uint8_t checksum=0,len=0;
      |                 ^~~~~~~~
../Core/Src/main.c:601:17: warning: unused variable 'addr_valid' [-Wunused-variable]
  601 |         uint8_t addr_valid =ADDR_VALID;
      |                 ^~~~~~~~~~
arm-none-eabi-gcc -o "bootloader_STM32F446xx.elf" @"objects.list"   -mcpu=cortex-m4 -T"C:\Users\amine\OneDrive\Documents\stm32 custom bootloader\bootloader_STM32F446xx\STM32F446RETX_FLASH.ld" --specs=nosys.specs -Wl,-Map="bootloader_STM32F446xx.map" -Wl,--gc-sections -static --specs=nano.specs -mfpu=fpv4-sp-d16 -mfloat-abi=hard -mthumb -Wl,--start-group -lc -lm -Wl,--end-group
Finished building target: bootloader_STM32F446xx.elf
 
arm-none-eabi-size  bootloader_STM32F446xx.elf 
arm-none-eabi-objdump -h -S bootloader_STM32F446xx.elf  > "bootloader_STM32F446xx.list"
   text	   data	    bss	    dec	    hex	filename
  17600	    132	   2252	  19984	   4e10	bootloader_STM32F446xx.elf
Finished building: default.size.stdout
 
Finished building: bootloader_STM32F446xx.list
 
18:58:36 **** Incremental Build of configuration Debug for project bootloader_STM32F446xx ****
make -j8 all 
arm-none-eabi-gcc "../Core/Src/main.c" -mcpu=cortex-m4 -std=gnu11 -g3 -DDEBUG -DUSE_HAL_DRIVER -DSTM32F446xx -c -I../Core/Inc -I../Drivers/STM32F4xx_HAL_Driver/Inc -I../Drivers/STM32F4xx_HAL_Driver/Inc/Legacy -I../Drivers/CMSIS/Device/ST/STM32F4xx/Include -I../Drivers/CMSIS/Include -O0 -ffunction-sections -fdata-sections -Wall -fstack-usage -fcyclomatic-complexity -MMD -MP -MF"Core/Src/main.d" -MT"Core/Src/main.o" --specs=nano.specs -mfpu=fpv4-sp-d16 -mfloat-abi=hard -mthumb -o "Core/Src/main.o"
../Core/Src/main.c: In function 'bootloader_handle_mem_write_cmd':
../Core/Src/main.c:603:17: warning: variable 'checksum' set but not used [-Wunused-but-set-variable]
  603 |         uint8_t checksum=0,len=0;
      |                 ^~~~~~~~
../Core/Src/main.c:601:17: warning: unused variable 'addr_valid' [-Wunused-variable]
  601 |         uint8_t addr_valid =ADDR_VALID;
      |                 ^~~~~~~~~~
arm-none-eabi-gcc -o "bootloader_STM32F446xx.elf" @"objects.list"   -mcpu=cortex-m4 -T"C:\Users\amine\OneDrive\Documents\stm32 custom bootloader\bootloader_STM32F446xx\STM32F446RETX_FLASH.ld" --specs=nosys.specs -Wl,-Map="bootloader_STM32F446xx.map" -Wl,--gc-sections -static --specs=nano.specs -mfpu=fpv4-sp-d16 -mfloat-abi=hard -mthumb -Wl,--start-group -lc -lm -Wl,--end-group
Finished building target: bootloader_STM32F446xx.elf
 
arm-none-eabi-size  bootloader_STM32F446xx.elf 
arm-none-eabi-objdump -h -S bootloader_STM32F446xx.elf  > "bootloader_STM32F446xx.list"
   text	   data	    bss	    dec	    hex	filename
  17600	    132	   2252	  19984	   4e10	bootloader_STM32F446xx.elf
Finished building: default.size.stdout
 
Finished building: bootloader_STM32F446xx.list
 
20:35:16 **** Incremental Build of configuration Debug for project bootloader_STM32F446xx ****
make -j8 all 
arm-none-eabi-gcc "../Core/Src/main.c" -mcpu=cortex-m4 -std=gnu11 -g3 -DDEBUG -DUSE_HAL_DRIVER -DSTM32F446xx -c -I../Core/Inc -I../Drivers/STM32F4xx_HAL_Driver/Inc -I../Drivers/STM32F4xx_HAL_Driver/Inc/Legacy -I../Drivers/CMSIS/Device/ST/STM32F4xx/Include -I../Drivers/CMSIS/Include -O0 -ffunction-sections -fdata-sections -Wall -fstack-usage -fcyclomatic-complexity -MMD -MP -MF"Core/Src/main.d" -MT"Core/Src/main.o" --specs=nano.specs -mfpu=fpv4-sp-d16 -mfloat-abi=hard -mthumb -o "Core/Src/main.o"
../Core/Src/main.c: In function 'bootloader_handle_mem_write_cmd':
../Core/Src/main.c:603:17: warning: variable 'checksum' set but not used [-Wunused-but-set-variable]
  603 |         uint8_t checksum=0,len=0;
      |                 ^~~~~~~~
../Core/Src/main.c:601:17: warning: unused variable 'addr_valid' [-Wunused-variable]
  601 |         uint8_t addr_valid =ADDR_VALID;
      |                 ^~~~~~~~~~
arm-none-eabi-gcc -o "bootloader_STM32F446xx.elf" @"objects.list"   -mcpu=cortex-m4 -T"C:\Users\amine\OneDrive\Documents\stm32 custom bootloader\bootloader_STM32F446xx\STM32F446RETX_FLASH.ld" --specs=nosys.specs -Wl,-Map="bootloader_STM32F446xx.map" -Wl,--gc-sections -static --specs=nano.specs -mfpu=fpv4-sp-d16 -mfloat-abi=hard -mthumb -Wl,--start-group -lc -lm -Wl,--end-group
Finished building target: bootloader_STM32F446xx.elf
 
arm-none-eabi-size  bootloader_STM32F446xx.elf 
arm-none-eabi-objdump -h -S bootloader_STM32F446xx.elf  > "bootloader_STM32F446xx.list"
   text	   data	    bss	    dec	    hex	filename
  17600	    132	   2252	  19984	   4e10	bootloader_STM32F446xx.elf
Finished building: default.size.stdout
 
Finished building: bootloader_STM32F446xx.list
 
22:02:48 **** Incremental Build of configuration Debug for project bootloader_STM32F446xx ****
make -j8 all 
arm-none-eabi-gcc "../Core/Src/main.c" -mcpu=cortex-m4 -std=gnu11 -g3 -DDEBUG -DUSE_HAL_DRIVER -DSTM32F446xx -c -I../Core/Inc -I../Drivers/STM32F4xx_HAL_Driver/Inc -I../Drivers/STM32F4xx_HAL_Driver/Inc/Legacy -I../Drivers/CMSIS/Device/ST/STM32F4xx/Include -I../Drivers/CMSIS/Include -O0 -ffunction-sections -fdata-sections -Wall -fstack-usage -fcyclomatic-complexity -MMD -MP -MF"Core/Src/main.d" -MT"Core/Src/main.o" --specs=nano.specs -mfpu=fpv4-sp-d16 -mfloat-abi=hard -mthumb -o "Core/Src/main.o"
../Core/Src/main.c: In function 'bootloader_handle_mem_write_cmd':
../Core/Src/main.c:603:17: warning: variable 'checksum' set but not used [-Wunused-but-set-variable]
  603 |         uint8_t checksum=0,len=0;
      |                 ^~~~~~~~
../Core/Src/main.c:601:17: warning: unused variable 'addr_valid' [-Wunused-variable]
  601 |         uint8_t addr_valid =ADDR_VALID;
      |                 ^~~~~~~~~~
arm-none-eabi-gcc -o "bootloader_STM32F446xx.elf" @"objects.list"   -mcpu=cortex-m4 -T"C:\Users\amine\OneDrive\Documents\stm32 custom bootloader\bootloader_STM32F446xx\STM32F446RETX_FLASH.ld" --specs=nosys.specs -Wl,-Map="bootloader_STM32F446xx.map" -Wl,--gc-sections -static --specs=nano.specs -mfpu=fpv4-sp-d16 -mfloat-abi=hard -mthumb -Wl,--start-group -lc -lm -Wl,--end-group
Finished building target: bootloader_STM32F446xx.elf
 
arm-none-eabi-size  bootloader_STM32F446xx.elf 
arm-none-eabi-objdump -h -S bootloader_STM32F446xx.elf  > "bootloader_STM32F446xx.list"
   text	   data	    bss	    dec	    hex	filename
  17600	    132	   2252	  19984	   4e10	bootloader_STM32F446xx.elf
Finished building: default.size.stdout
 
Finished building: bootloader_STM32F446xx.list
 
22:08:01 **** Incremental Build of configuration Debug for project bootloader_STM32F446xx ****
make -j8 all 
arm-none-eabi-size  bootloader_STM32F446xx.elf 
   text	   data	    bss	    dec	    hex	filename
  17600	    132	   2252	  19984	   4e10	bootloader_STM32F446xx.elf
Finished building: default.size.stdout
 
10:56:48 **** Incremental Build of configuration Debug for project bootloader_STM32F446xx ****
make -j8 all 
arm-none-eabi-size  bootloader_STM32F446xx.elf 
   text	   data	    bss	    dec	    hex	filename
  17600	    132	   2252	  19984	   4e10	bootloader_STM32F446xx.elf
Finished building: default.size.stdout
 
11:55:33 **** Incremental Build of configuration Debug for project bootloader_STM32F446xx ****
make -j8 all 
arm-none-eabi-gcc "../Core/Src/main.c" -mcpu=cortex-m4 -std=gnu11 -g3 -DDEBUG -DUSE_HAL_DRIVER -DSTM32F446xx -c -I../Core/Inc -I../Drivers/STM32F4xx_HAL_Driver/Inc -I../Drivers/STM32F4xx_HAL_Driver/Inc/Legacy -I../Drivers/CMSIS/Device/ST/STM32F4xx/Include -I../Drivers/CMSIS/Include -O0 -ffunction-sections -fdata-sections -Wall -fstack-usage -fcyclomatic-complexity -MMD -MP -MF"Core/Src/main.d" -MT"Core/Src/main.o" --specs=nano.specs -mfpu=fpv4-sp-d16 -mfloat-abi=hard -mthumb -o "Core/Src/main.o"
../Core/Src/main.c: In function 'bootloader_handle_mem_write_cmd':
../Core/Src/main.c:603:17: warning: variable 'checksum' set but not used [-Wunused-but-set-variable]
  603 |         uint8_t checksum=0,len=0;
      |                 ^~~~~~~~
../Core/Src/main.c:601:17: warning: unused variable 'addr_valid' [-Wunused-variable]
  601 |         uint8_t addr_valid =ADDR_VALID;
      |                 ^~~~~~~~~~
arm-none-eabi-gcc -o "bootloader_STM32F446xx.elf" @"objects.list"   -mcpu=cortex-m4 -T"C:\Users\amine\OneDrive\Documents\stm32 custom bootloader\bootloader_STM32F446xx\STM32F446RETX_FLASH.ld" --specs=nosys.specs -Wl,-Map="bootloader_STM32F446xx.map" -Wl,--gc-sections -static --specs=nano.specs -mfpu=fpv4-sp-d16 -mfloat-abi=hard -mthumb -Wl,--start-group -lc -lm -Wl,--end-group
Finished building target: bootloader_STM32F446xx.elf
 
arm-none-eabi-size  bootloader_STM32F446xx.elf 
arm-none-eabi-objdump -h -S bootloader_STM32F446xx.elf  > "bootloader_STM32F446xx.list"
   text	   data	    bss	    dec	    hex	filename
  17612	    132	   2252	  19996	   4e1c	bootloader_STM32F446xx.elf
Finished building: default.size.stdout
 
Finished building: bootloader_STM32F446xx.list
 
11:57:01 **** Incremental Build of configuration Debug for project bootloader_STM32F446xx ****
make -j8 all 
arm-none-eabi-size  bootloader_STM32F446xx.elf 
   text	   data	    bss	    dec	    hex	filename
  17612	    132	   2252	  19996	   4e1c	bootloader_STM32F446xx.elf
Finished building: default.size.stdout
 
16:10:37 **** Incremental Build of configuration Debug for project bootloader_STM32F446xx ****
make -j8 all 
arm-none-eabi-gcc "../Core/Src/main.c" -mcpu=cortex-m4 -std=gnu11 -g3 -DDEBUG -DUSE_HAL_DRIVER -DSTM32F446xx -c -I../Core/Inc -I../Drivers/STM32F4xx_HAL_Driver/Inc -I../Drivers/STM32F4xx_HAL_Driver/Inc/Legacy -I../Drivers/CMSIS/Device/ST/STM32F4xx/Include -I../Drivers/CMSIS/Include -O0 -ffunction-sections -fdata-sections -Wall -fstack-usage -fcyclomatic-complexity -MMD -MP -MF"Core/Src/main.d" -MT"Core/Src/main.o" --specs=nano.specs -mfpu=fpv4-sp-d16 -mfloat-abi=hard -mthumb -o "Core/Src/main.o"
../Core/Src/main.c: In function 'bootloader_handle_mem_write_cmd':
../Core/Src/main.c:603:17: warning: variable 'checksum' set but not used [-Wunused-but-set-variable]
  603 |         uint8_t checksum=0,len=0;
      |                 ^~~~~~~~
../Core/Src/main.c:601:17: warning: unused variable 'addr_valid' [-Wunused-variable]
  601 |         uint8_t addr_valid =ADDR_VALID;
      |                 ^~~~~~~~~~
arm-none-eabi-gcc -o "bootloader_STM32F446xx.elf" @"objects.list"   -mcpu=cortex-m4 -T"C:\Users\amine\OneDrive\Documents\stm32 custom bootloader\bootloader_STM32F446xx\STM32F446RETX_FLASH.ld" --specs=nosys.specs -Wl,-Map="bootloader_STM32F446xx.map" -Wl,--gc-sections -static --specs=nano.specs -mfpu=fpv4-sp-d16 -mfloat-abi=hard -mthumb -Wl,--start-group -lc -lm -Wl,--end-group
Finished building target: bootloader_STM32F446xx.elf
 
arm-none-eabi-size  bootloader_STM32F446xx.elf 
arm-none-eabi-objdump -h -S bootloader_STM32F446xx.elf  > "bootloader_STM32F446xx.list"
   text	   data	    bss	    dec	    hex	filename
  17612	    132	   2252	  19996	   4e1c	bootloader_STM32F446xx.elf
Finished building: default.size.stdout
 
Finished building: bootloader_STM32F446xx.list
 
16:18:55 **** Incremental Build of configuration Debug for project bootloader_STM32F446xx ****
make -j8 all 
arm-none-eabi-size  bootloader_STM32F446xx.elf 
   text	   data	    bss	    dec	    hex	filename
  17612	    132	   2252	  19996	   4e1c	bootloader_STM32F446xx.elf
Finished building: default.size.stdout
 
16:23:40 **** Incremental Build of configuration Debug for project bootloader_STM32F446xx ****
make -j8 all 
arm-none-eabi-size  bootloader_STM32F446xx.elf 
   text	   data	    bss	    dec	    hex	filename
  17612	    132	   2252	  19996	   4e1c	bootloader_STM32F446xx.elf
Finished building: default.size.stdout
 
20:00:23 **** Incremental Build of configuration Debug for project bootloader_STM32F446xx ****
make -j8 all 
arm-none-eabi-size  bootloader_STM32F446xx.elf 
   text	   data	    bss	    dec	    hex	filename
  17612	    132	   2252	  19996	   4e1c	bootloader_STM32F446xx.elf
Finished building: default.size.stdout
 
