18:34:27 **** Build of configuration Debug for project bootloader_STM32F446xx ****
make -j8 all 
arm-none-eabi-size  bootloader_STM32F446xx.elf 
   text	   data	    bss	    dec	    hex	filename
  17460	    132	   2252	  19844	   4d84	bootloader_STM32F446xx.elf
Finished building: default.size.stdout
 
18:34:33 **** Incremental Build of configuration Debug for project bootloader_STM32F446xx ****
make -j8 all 
arm-none-eabi-size  bootloader_STM32F446xx.elf 
   text	   data	    bss	    dec	    hex	filename
  17460	    132	   2252	  19844	   4d84	bootloader_STM32F446xx.elf
Finished building: default.size.stdout
 
20:55:57 **** Incremental Build of configuration Debug for project bootloader_STM32F446xx ****
make -j8 all 
arm-none-eabi-size  bootloader_STM32F446xx.elf 
   text	   data	    bss	    dec	    hex	filename
  17460	    132	   2252	  19844	   4d84	bootloader_STM32F446xx.elf
Finished building: default.size.stdout
 
