11:54:04 **** Incremental Build of configuration Debug for project User_app_STM32F446xx ****
make -j8 all 
arm-none-eabi-gcc "../Core/Src/main.c" -mcpu=cortex-m4 -std=gnu11 -g3 -DDEBUG -DUSE_HAL_DRIVER -DSTM32F446xx -c -I../Core/Inc -I../Drivers/STM32F4xx_HAL_Driver/Inc -I../Drivers/STM32F4xx_HAL_Driver/Inc/Legacy -I../Drivers/CMSIS/Device/ST/STM32F4xx/Include -I../Drivers/CMSIS/Include -O0 -ffunction-sections -fdata-sections -Wall -fstack-usage -fcyclomatic-complexity -MMD -MP -MF"Core/Src/main.d" -MT"Core/Src/main.o" --specs=nano.specs -mfpu=fpv4-sp-d16 -mfloat-abi=hard -mthumb -o "Core/Src/main.o"
arm-none-eabi-gcc -o "User_app_STM32F446xx.elf" @"objects.list"   -mcpu=cortex-m4 -T"C:\Users\amine\OneDrive\Documents\stm32 custom bootloader\User_app_STM32F446xx\STM32F446RETX_FLASH.ld" --specs=nosys.specs -Wl,-Map="User_app_STM32F446xx.map" -Wl,--gc-sections -static --specs=nano.specs -mfpu=fpv4-sp-d16 -mfloat-abi=hard -mthumb -Wl,--start-group -lc -lm -Wl,--end-group
Finished building target: User_app_STM32F446xx.elf
 
arm-none-eabi-size  User_app_STM32F446xx.elf 
arm-none-eabi-objdump -h -S User_app_STM32F446xx.elf  > "User_app_STM32F446xx.list"
   text	   data	    bss	    dec	    hex	filename
   9512	     16	   1640	  11168	   2ba0	User_app_STM32F446xx.elf
Finished building: default.size.stdout
 
Finished building: User_app_STM32F446xx.list
 

11:54:05 Build Finished. 0 errors, 0 warnings. (took 880ms)

